[debug] [2026-05-03T12:50:52.883Z] ----------------------------------------------------------------------
[debug] [2026-05-03T12:50:52.884Z] Command:       /Users/ezhan/.nvm/versions/node/v22.18.0/bin/node /Users/ezhan/.nvm/versions/node/v22.18.0/bin/firebase deploy --only storage --project peak-bit-486121-n6
[debug] [2026-05-03T12:50:52.884Z] CLI Version:   15.8.0
[debug] [2026-05-03T12:50:52.884Z] Platform:      darwin
[debug] [2026-05-03T12:50:52.884Z] Node Version:  v22.18.0
[debug] [2026-05-03T12:50:52.885Z] Time:          Sun May 03 2026 08:50:52 GMT-0400 (Eastern Daylight Time)
[debug] [2026-05-03T12:50:52.885Z] ----------------------------------------------------------------------
[debug] 
[debug] [2026-05-03T12:50:53.691Z] > command requires scopes: ["email","openid","https://www.googleapis.com/auth/cloudplatformprojects.readonly","https://www.googleapis.com/auth/firebase","https://www.googleapis.com/auth/cloud-platform"]
[debug] [2026-05-03T12:50:53.692Z] > authorizing via signed-in user (ethan@truelegalinnovations.com)
[debug] [2026-05-03T12:50:53.692Z] [iam] checking project peak-bit-486121-n6 for permissions ["firebase.projects.get","firebaserules.releases.create","firebaserules.releases.update","firebaserules.rulesets.create"]
[debug] [2026-05-03T12:50:53.692Z] Checked if tokens are valid: true, expires at: 1777815919396
[debug] [2026-05-03T12:50:53.692Z] Checked if tokens are valid: true, expires at: 1777815919396
[debug] [2026-05-03T12:50:53.693Z] >>> [apiv2][query] POST https://cloudresourcemanager.googleapis.com/v1/projects/peak-bit-486121-n6:testIamPermissions [none]
[debug] [2026-05-03T12:50:53.693Z] >>> [apiv2][(partial)header] POST https://cloudresourcemanager.googleapis.com/v1/projects/peak-bit-486121-n6:testIamPermissions  x-goog-user-project=peak-bit-486121-n6
[debug] [2026-05-03T12:50:53.693Z] >>> [apiv2][body] POST https://cloudresourcemanager.googleapis.com/v1/projects/peak-bit-486121-n6:testIamPermissions {"permissions":["firebase.projects.get","firebaserules.releases.create","firebaserules.releases.update","firebaserules.rulesets.create"]}
[debug] [2026-05-03T12:50:53.895Z] <<< [apiv2][status] POST https://cloudresourcemanager.googleapis.com/v1/projects/peak-bit-486121-n6:testIamPermissions 200
[debug] [2026-05-03T12:50:53.895Z] <<< [apiv2][body] POST https://cloudresourcemanager.googleapis.com/v1/projects/peak-bit-486121-n6:testIamPermissions {"permissions":["firebase.projects.get","firebaserules.releases.create","firebaserules.releases.update","firebaserules.rulesets.create"]}
[info] 
[info] === Deploying to 'peak-bit-486121-n6'...
[info] 
[info] i  deploying storage 
[info] i  storage: ensuring required API firebasestorage.googleapis.com is enabled... 
[debug] [2026-05-03T12:50:53.899Z] Checked if tokens are valid: true, expires at: 1777815919396
[debug] [2026-05-03T12:50:53.899Z] Checked if tokens are valid: true, expires at: 1777815919396
[debug] [2026-05-03T12:50:53.899Z] >>> [apiv2][query] GET https://firebasestorage.googleapis.com/v1alpha/projects/peak-bit-486121-n6/defaultBucket [none]
[debug] [2026-05-03T12:50:54.246Z] <<< [apiv2][status] GET https://firebasestorage.googleapis.com/v1alpha/projects/peak-bit-486121-n6/defaultBucket 200
[debug] [2026-05-03T12:50:54.246Z] <<< [apiv2][body] GET https://firebasestorage.googleapis.com/v1alpha/projects/peak-bit-486121-n6/defaultBucket {"name":"projects/peak-bit-486121-n6/defaultBucket","location":"US-CENTRAL1","bucket":{"name":"projects/peak-bit-486121-n6/buckets/peak-bit-486121-n6.firebasestorage.app"},"storageClass":"REGIONAL"}
[info] i  firebase.storage: checking storage.rules for compilation errors... 
[debug] [2026-05-03T12:50:54.249Z] Checked if tokens are valid: true, expires at: 1777815919396
[debug] [2026-05-03T12:50:54.249Z] Checked if tokens are valid: true, expires at: 1777815919396
[debug] [2026-05-03T12:50:54.249Z] >>> [apiv2][query] POST https://firebaserules.googleapis.com/v1/projects/peak-bit-486121-n6:test [none]
[debug] [2026-05-03T12:50:54.249Z] >>> [apiv2][body] POST https://firebaserules.googleapis.com/v1/projects/peak-bit-486121-n6:test [omitted]
[debug] [2026-05-03T12:50:54.513Z] <<< [apiv2][status] POST https://firebaserules.googleapis.com/v1/projects/peak-bit-486121-n6:test 200
[debug] [2026-05-03T12:50:54.513Z] <<< [apiv2][body] POST https://firebaserules.googleapis.com/v1/projects/peak-bit-486121-n6:test {}
[info] ✔  firebase.storage: rules file storage.rules compiled successfully 
[debug] [2026-05-03T12:50:54.516Z] Checked if tokens are valid: true, expires at: 1777815919396
[debug] [2026-05-03T12:50:54.516Z] Checked if tokens are valid: true, expires at: 1777815919396
[debug] [2026-05-03T12:50:54.516Z] >>> [apiv2][query] GET https://firebaserules.googleapis.com/v1/projects/peak-bit-486121-n6/releases pageSize=10&pageToken=
[debug] [2026-05-03T12:50:54.722Z] <<< [apiv2][status] GET https://firebaserules.googleapis.com/v1/projects/peak-bit-486121-n6/releases 200
[debug] [2026-05-03T12:50:54.723Z] <<< [apiv2][body] GET https://firebaserules.googleapis.com/v1/projects/peak-bit-486121-n6/releases {"releases":[{"name":"projects/peak-bit-486121-n6/releases/cloud.firestore","rulesetName":"projects/peak-bit-486121-n6/rulesets/8fe746a0-2c55-4651-919c-774bebe55133","createTime":"2026-04-30T02:00:31.961827Z","updateTime":"2026-05-03T12:35:40.813913Z"},{"name":"projects/peak-bit-486121-n6/releases/firebase.storage/peak-bit-486121-n6.firebasestorage.app","rulesetName":"projects/peak-bit-486121-n6/rulesets/a5d86a26-b9be-4982-975e-81d2cccb8050","createTime":"2026-04-30T01:49:49.750477Z","updateTime":"2026-05-03T12:35:40.499416Z"}]}
[debug] [2026-05-03T12:50:54.746Z] Checked if tokens are valid: true, expires at: 1777815919396
[debug] [2026-05-03T12:50:54.746Z] Checked if tokens are valid: true, expires at: 1777815919396
[debug] [2026-05-03T12:50:54.746Z] >>> [apiv2][query] GET https://firebaserules.googleapis.com/v1/projects/peak-bit-486121-n6/rulesets/a5d86a26-b9be-4982-975e-81d2cccb8050 [none]
[debug] [2026-05-03T12:50:54.920Z] <<< [apiv2][status] GET https://firebaserules.googleapis.com/v1/projects/peak-bit-486121-n6/rulesets/a5d86a26-b9be-4982-975e-81d2cccb8050 200
[debug] [2026-05-03T12:50:54.921Z] <<< [apiv2][body] GET https://firebaserules.googleapis.com/v1/projects/peak-bit-486121-n6/rulesets/a5d86a26-b9be-4982-975e-81d2cccb8050 [omitted]
[info] i  storage: uploading rules storage.rules... 
[debug] [2026-05-03T12:50:54.923Z] Checked if tokens are valid: true, expires at: 1777815919396
[debug] [2026-05-03T12:50:54.923Z] Checked if tokens are valid: true, expires at: 1777815919396
[debug] [2026-05-03T12:50:54.924Z] >>> [apiv2][query] POST https://firebaserules.googleapis.com/v1/projects/peak-bit-486121-n6/rulesets [none]
[debug] [2026-05-03T12:50:54.924Z] >>> [apiv2][body] POST https://firebaserules.googleapis.com/v1/projects/peak-bit-486121-n6/rulesets [omitted]
[debug] [2026-05-03T12:50:55.228Z] <<< [apiv2][status] POST https://firebaserules.googleapis.com/v1/projects/peak-bit-486121-n6/rulesets 200
[debug] [2026-05-03T12:50:55.229Z] <<< [apiv2][body] POST https://firebaserules.googleapis.com/v1/projects/peak-bit-486121-n6/rulesets {"name":"projects/peak-bit-486121-n6/rulesets/401e8420-c7ce-4c19-bd43-0d53c5d7ec43","source":{"files":[{"content":"rules_version = '2';\n\nservice firebase.storage {\n  match /b/{bucket}/o {\n    function signedIn() {\n      return request.auth != null;\n    }\n\n    function isLawyer() {\n      return signedIn() && request.auth.token.role == 'lawyer';\n    }\n\n    match /case-documents/{allPaths=**} {\n      allow read: if isLawyer();\n      allow write: if false;\n    }\n\n    match /cases/{caseId}/{allPaths=**} {\n      allow read: if isLawyer();\n      allow write: if false;\n    }\n\n    match /case_documents/{allPaths=**} {\n      allow read: if isLawyer();\n      allow write: if false;\n    }\n\n    match /documents/{allPaths=**} {\n      allow read: if isLawyer();\n      allow write: if false;\n    }\n\n    match /agreements/{lawyerId}/{caseId}/{fileName} {\n      allow read: if isLawyer() && request.auth.uid == lawyerId;\n      allow create: if isLawyer()\n        && request.auth.uid == lawyerId\n        && request.resource.size < 10 * 1024 * 1024\n        && request.resource.contentType == 'application/pdf';\n      allow update, delete: if false;\n    }\n\n    match /{allPaths=**} {\n      allow read, write: if false;\n    }\n  }\n}\n","name":"storage.rules"}]},"createTime":"2026-05-03T12:50:55.210831Z","metadata":{"services":["firebase.storage"]}}
[debug] [2026-05-03T12:50:55.229Z] [rules] created ruleset projects/peak-bit-486121-n6/rulesets/401e8420-c7ce-4c19-bd43-0d53c5d7ec43
[debug] [2026-05-03T12:50:55.229Z] [rules] releasing firebase.storage/peak-bit-486121-n6.firebasestorage.app with ruleset projects/peak-bit-486121-n6/rulesets/401e8420-c7ce-4c19-bd43-0d53c5d7ec43
[debug] [2026-05-03T12:50:55.231Z] Checked if tokens are valid: true, expires at: 1777815919396
[debug] [2026-05-03T12:50:55.231Z] Checked if tokens are valid: true, expires at: 1777815919396
[debug] [2026-05-03T12:50:55.231Z] >>> [apiv2][query] PATCH https://firebaserules.googleapis.com/v1/projects/peak-bit-486121-n6/releases/firebase.storage/peak-bit-486121-n6.firebasestorage.app [none]
[debug] [2026-05-03T12:50:55.231Z] >>> [apiv2][body] PATCH https://firebaserules.googleapis.com/v1/projects/peak-bit-486121-n6/releases/firebase.storage/peak-bit-486121-n6.firebasestorage.app {"release":{"name":"projects/peak-bit-486121-n6/releases/firebase.storage/peak-bit-486121-n6.firebasestorage.app","rulesetName":"projects/peak-bit-486121-n6/rulesets/401e8420-c7ce-4c19-bd43-0d53c5d7ec43"}}
[debug] [2026-05-03T12:50:55.568Z] <<< [apiv2][status] PATCH https://firebaserules.googleapis.com/v1/projects/peak-bit-486121-n6/releases/firebase.storage/peak-bit-486121-n6.firebasestorage.app 200
[debug] [2026-05-03T12:50:55.568Z] <<< [apiv2][body] PATCH https://firebaserules.googleapis.com/v1/projects/peak-bit-486121-n6/releases/firebase.storage/peak-bit-486121-n6.firebasestorage.app {"name":"projects/peak-bit-486121-n6/releases/firebase.storage/peak-bit-486121-n6.firebasestorage.app","rulesetName":"projects/peak-bit-486121-n6/rulesets/401e8420-c7ce-4c19-bd43-0d53c5d7ec43","createTime":"2026-04-30T01:49:49.750477Z","updateTime":"2026-05-03T12:50:55.554004Z"}
[debug] [2026-05-03T12:50:55.568Z] [rules] updated release projects/peak-bit-486121-n6/releases/firebase.storage/peak-bit-486121-n6.firebasestorage.app
[info] ✔  storage: released rules storage.rules to firebase.storage 
[info] 
[info] ✔  Deploy complete! 
[info] 
[info] Project Console: https://console.firebase.google.com/project/peak-bit-486121-n6/overview
[debug] [2026-05-03T13:28:16.280Z] ----------------------------------------------------------------------
[debug] [2026-05-03T13:28:16.283Z] Command:       /Users/ezhan/.nvm/versions/node/v22.18.0/bin/node /Users/ezhan/.nvm/versions/node/v22.18.0/bin/firebase deploy --only storage --project peak-bit-486121-n6
[debug] [2026-05-03T13:28:16.284Z] CLI Version:   15.8.0
[debug] [2026-05-03T13:28:16.284Z] Platform:      darwin
[debug] [2026-05-03T13:28:16.284Z] Node Version:  v22.18.0
[debug] [2026-05-03T13:28:16.284Z] Time:          Sun May 03 2026 09:28:16 GMT-0400 (Eastern Daylight Time)
[debug] [2026-05-03T13:28:16.284Z] ----------------------------------------------------------------------
[debug] 
[debug] [2026-05-03T13:28:17.134Z] > command requires scopes: ["email","openid","https://www.googleapis.com/auth/cloudplatformprojects.readonly","https://www.googleapis.com/auth/firebase","https://www.googleapis.com/auth/cloud-platform"]
[debug] [2026-05-03T13:28:17.134Z] > authorizing via signed-in user (ethan@truelegalinnovations.com)
[debug] [2026-05-03T13:28:17.134Z] [iam] checking project peak-bit-486121-n6 for permissions ["firebase.projects.get","firebaserules.releases.create","firebaserules.releases.update","firebaserules.rulesets.create"]
[debug] [2026-05-03T13:28:17.135Z] Checked if tokens are valid: true, expires at: 1777815919396
[debug] [2026-05-03T13:28:17.135Z] Checked if tokens are valid: true, expires at: 1777815919396
[debug] [2026-05-03T13:28:17.136Z] >>> [apiv2][query] POST https://cloudresourcemanager.googleapis.com/v1/projects/peak-bit-486121-n6:testIamPermissions [none]
[debug] [2026-05-03T13:28:17.136Z] >>> [apiv2][(partial)header] POST https://cloudresourcemanager.googleapis.com/v1/projects/peak-bit-486121-n6:testIamPermissions  x-goog-user-project=peak-bit-486121-n6
[debug] [2026-05-03T13:28:17.136Z] >>> [apiv2][body] POST https://cloudresourcemanager.googleapis.com/v1/projects/peak-bit-486121-n6:testIamPermissions {"permissions":["firebase.projects.get","firebaserules.releases.create","firebaserules.releases.update","firebaserules.rulesets.create"]}
[debug] [2026-05-03T13:28:17.391Z] <<< [apiv2][status] POST https://cloudresourcemanager.googleapis.com/v1/projects/peak-bit-486121-n6:testIamPermissions 200
[debug] [2026-05-03T13:28:17.392Z] <<< [apiv2][body] POST https://cloudresourcemanager.googleapis.com/v1/projects/peak-bit-486121-n6:testIamPermissions {"permissions":["firebase.projects.get","firebaserules.releases.create","firebaserules.releases.update","firebaserules.rulesets.create"]}
[info] 
[info] === Deploying to 'peak-bit-486121-n6'...
[info] 
[info] i  deploying storage 
[info] i  storage: ensuring required API firebasestorage.googleapis.com is enabled... 
[debug] [2026-05-03T13:28:17.396Z] Checked if tokens are valid: true, expires at: 1777815919396
[debug] [2026-05-03T13:28:17.396Z] Checked if tokens are valid: true, expires at: 1777815919396
[debug] [2026-05-03T13:28:17.396Z] >>> [apiv2][query] GET https://firebasestorage.googleapis.com/v1alpha/projects/peak-bit-486121-n6/defaultBucket [none]
[debug] [2026-05-03T13:28:17.745Z] <<< [apiv2][status] GET https://firebasestorage.googleapis.com/v1alpha/projects/peak-bit-486121-n6/defaultBucket 200
[debug] [2026-05-03T13:28:17.745Z] <<< [apiv2][body] GET https://firebasestorage.googleapis.com/v1alpha/projects/peak-bit-486121-n6/defaultBucket {"name":"projects/peak-bit-486121-n6/defaultBucket","location":"US-CENTRAL1","bucket":{"name":"projects/peak-bit-486121-n6/buckets/peak-bit-486121-n6.firebasestorage.app"},"storageClass":"REGIONAL"}
[info] i  firebase.storage: checking storage.rules for compilation errors... 
[debug] [2026-05-03T13:28:17.751Z] Checked if tokens are valid: true, expires at: 1777815919396
[debug] [2026-05-03T13:28:17.751Z] Checked if tokens are valid: true, expires at: 1777815919396
[debug] [2026-05-03T13:28:17.751Z] >>> [apiv2][query] POST https://firebaserules.googleapis.com/v1/projects/peak-bit-486121-n6:test [none]
[debug] [2026-05-03T13:28:17.752Z] >>> [apiv2][body] POST https://firebaserules.googleapis.com/v1/projects/peak-bit-486121-n6:test [omitted]
[debug] [2026-05-03T13:28:18.097Z] <<< [apiv2][status] POST https://firebaserules.googleapis.com/v1/projects/peak-bit-486121-n6:test 200
[debug] [2026-05-03T13:28:18.098Z] <<< [apiv2][body] POST https://firebaserules.googleapis.com/v1/projects/peak-bit-486121-n6:test {}
[info] ✔  firebase.storage: rules file storage.rules compiled successfully 
[debug] [2026-05-03T13:28:18.101Z] Checked if tokens are valid: true, expires at: 1777815919396
[debug] [2026-05-03T13:28:18.101Z] Checked if tokens are valid: true, expires at: 1777815919396
[debug] [2026-05-03T13:28:18.102Z] >>> [apiv2][query] GET https://firebaserules.googleapis.com/v1/projects/peak-bit-486121-n6/releases pageSize=10&pageToken=
[debug] [2026-05-03T13:28:18.308Z] <<< [apiv2][status] GET https://firebaserules.googleapis.com/v1/projects/peak-bit-486121-n6/releases 200
[debug] [2026-05-03T13:28:18.308Z] <<< [apiv2][body] GET https://firebaserules.googleapis.com/v1/projects/peak-bit-486121-n6/releases {"releases":[{"name":"projects/peak-bit-486121-n6/releases/cloud.firestore","rulesetName":"projects/peak-bit-486121-n6/rulesets/8fe746a0-2c55-4651-919c-774bebe55133","createTime":"2026-04-30T02:00:31.961827Z","updateTime":"2026-05-03T12:35:40.813913Z"},{"name":"projects/peak-bit-486121-n6/releases/firebase.storage/peak-bit-486121-n6.firebasestorage.app","rulesetName":"projects/peak-bit-486121-n6/rulesets/401e8420-c7ce-4c19-bd43-0d53c5d7ec43","createTime":"2026-04-30T01:49:49.750477Z","updateTime":"2026-05-03T12:50:55.554004Z"}]}
[debug] [2026-05-03T13:28:18.327Z] Checked if tokens are valid: true, expires at: 1777815919396
[debug] [2026-05-03T13:28:18.327Z] Checked if tokens are valid: true, expires at: 1777815919396
[debug] [2026-05-03T13:28:18.328Z] >>> [apiv2][query] GET https://firebaserules.googleapis.com/v1/projects/peak-bit-486121-n6/rulesets/401e8420-c7ce-4c19-bd43-0d53c5d7ec43 [none]
[debug] [2026-05-03T13:28:18.513Z] <<< [apiv2][status] GET https://firebaserules.googleapis.com/v1/projects/peak-bit-486121-n6/rulesets/401e8420-c7ce-4c19-bd43-0d53c5d7ec43 200
[debug] [2026-05-03T13:28:18.513Z] <<< [apiv2][body] GET https://firebaserules.googleapis.com/v1/projects/peak-bit-486121-n6/rulesets/401e8420-c7ce-4c19-bd43-0d53c5d7ec43 [omitted]
[info] i  storage: uploading rules storage.rules... 
[debug] [2026-05-03T13:28:18.515Z] Checked if tokens are valid: true, expires at: 1777815919396
[debug] [2026-05-03T13:28:18.515Z] Checked if tokens are valid: true, expires at: 1777815919396
[debug] [2026-05-03T13:28:18.516Z] >>> [apiv2][query] POST https://firebaserules.googleapis.com/v1/projects/peak-bit-486121-n6/rulesets [none]
[debug] [2026-05-03T13:28:18.517Z] >>> [apiv2][body] POST https://firebaserules.googleapis.com/v1/projects/peak-bit-486121-n6/rulesets [omitted]
[debug] [2026-05-03T13:28:18.877Z] <<< [apiv2][status] POST https://firebaserules.googleapis.com/v1/projects/peak-bit-486121-n6/rulesets 200
[debug] [2026-05-03T13:28:18.878Z] <<< [apiv2][body] POST https://firebaserules.googleapis.com/v1/projects/peak-bit-486121-n6/rulesets {"name":"projects/peak-bit-486121-n6/rulesets/a4b3e233-2eb5-499a-b07c-743fd0889bea","source":{"files":[{"content":"rules_version = '2';\n\nservice firebase.storage {\n  match /b/{bucket}/o {\n    function signedIn() {\n      return request.auth != null;\n    }\n\n    function isLawyer() {\n      return signedIn() && request.auth.token.role == 'lawyer';\n    }\n\n    match /case-documents/{allPaths=**} {\n      allow read: if isLawyer();\n      allow write: if false;\n    }\n\n    match /case-docs/{allPaths=**} {\n      allow read: if isLawyer();\n      allow write: if false;\n    }\n\n    match /cases/{caseId}/{allPaths=**} {\n      allow read: if isLawyer();\n      allow write: if false;\n    }\n\n    match /case_documents/{allPaths=**} {\n      allow read: if isLawyer();\n      allow write: if false;\n    }\n\n    match /documents/{allPaths=**} {\n      allow read: if isLawyer();\n      allow write: if false;\n    }\n\n    match /agreements/{lawyerId}/{caseId}/{fileName} {\n      allow read: if isLawyer() && request.auth.uid == lawyerId;\n      allow create: if isLawyer()\n        && request.auth.uid == lawyerId\n        && request.resource.size < 10 * 1024 * 1024\n        && request.resource.contentType == 'application/pdf';\n      allow update, delete: if false;\n    }\n\n    match /{allPaths=**} {\n      allow read, write: if false;\n    }\n  }\n}\n","name":"storage.rules"}]},"createTime":"2026-05-03T13:28:18.845119Z","metadata":{"services":["firebase.storage"]}}
[debug] [2026-05-03T13:28:18.878Z] [rules] created ruleset projects/peak-bit-486121-n6/rulesets/a4b3e233-2eb5-499a-b07c-743fd0889bea
[debug] [2026-05-03T13:28:18.879Z] [rules] releasing firebase.storage/peak-bit-486121-n6.firebasestorage.app with ruleset projects/peak-bit-486121-n6/rulesets/a4b3e233-2eb5-499a-b07c-743fd0889bea
[debug] [2026-05-03T13:28:18.881Z] Checked if tokens are valid: true, expires at: 1777815919396
[debug] [2026-05-03T13:28:18.881Z] Checked if tokens are valid: true, expires at: 1777815919396
[debug] [2026-05-03T13:28:18.881Z] >>> [apiv2][query] PATCH https://firebaserules.googleapis.com/v1/projects/peak-bit-486121-n6/releases/firebase.storage/peak-bit-486121-n6.firebasestorage.app [none]
[debug] [2026-05-03T13:28:18.881Z] >>> [apiv2][body] PATCH https://firebaserules.googleapis.com/v1/projects/peak-bit-486121-n6/releases/firebase.storage/peak-bit-486121-n6.firebasestorage.app {"release":{"name":"projects/peak-bit-486121-n6/releases/firebase.storage/peak-bit-486121-n6.firebasestorage.app","rulesetName":"projects/peak-bit-486121-n6/rulesets/a4b3e233-2eb5-499a-b07c-743fd0889bea"}}
[debug] [2026-05-03T13:28:19.283Z] <<< [apiv2][status] PATCH https://firebaserules.googleapis.com/v1/projects/peak-bit-486121-n6/releases/firebase.storage/peak-bit-486121-n6.firebasestorage.app 200
[debug] [2026-05-03T13:28:19.283Z] <<< [apiv2][body] PATCH https://firebaserules.googleapis.com/v1/projects/peak-bit-486121-n6/releases/firebase.storage/peak-bit-486121-n6.firebasestorage.app {"name":"projects/peak-bit-486121-n6/releases/firebase.storage/peak-bit-486121-n6.firebasestorage.app","rulesetName":"projects/peak-bit-486121-n6/rulesets/a4b3e233-2eb5-499a-b07c-743fd0889bea","createTime":"2026-04-30T01:49:49.750477Z","updateTime":"2026-05-03T13:28:19.246854Z"}
[debug] [2026-05-03T13:28:19.283Z] [rules] updated release projects/peak-bit-486121-n6/releases/firebase.storage/peak-bit-486121-n6.firebasestorage.app
[info] ✔  storage: released rules storage.rules to firebase.storage 
[info] 
[info] ✔  Deploy complete! 
[info] 
[info] Project Console: https://console.firebase.google.com/project/peak-bit-486121-n6/overview
